Microchip MPLAB XC8 Compiler V2.40

Linker command line:

-W-3 \
  --edf=C:/Users/Bryan Ortiz/.mchp_packs/Microchip/PIC16Fxxx_DFP/1.4.149/xc8\pic\dat\20230322214319_en.msgs \
  -cn -h+dist/default/production\Proyecto1_PICcolor.X.production.sym \
  --cmf=dist/default/production\Proyecto1_PICcolor.X.production.cmf -z \
  -Q16F887 -oC:\Users\BRYANO~1\AppData\Local\Temp\xcAscmo.4 \
  --defsym=__MPLAB_BUILD=1 --fixupoverflow=error \
  -Mdist/default/production/Proyecto1_PICcolor.X.production.map \
  --md=C:\Users\BRYANO~1\AppData\Local\Temp\xcAscmo.dat -E1 \
  -ver=XC8 Compiler --acfsm=1493 -ACODE=00h-07FFhx4 -ASTRCODE=00h-01FFFh \
  -ASTRING=00h-0FFhx32 -ACONST=00h-0FFhx32 -AENTRY=00h-0FFhx32 \
  -ACOMMON=070h-07Fh -ABANK0=020h-06Fh -ABANK1=0A0h-0EFh \
  -ABANK2=0110h-016Fh -ABANK3=0190h-01EFh \
  -ARAM=020h-06Fh,0A0h-0EFh,0110h-016Fh,0190h-01EFh \
  -AABS1=020h-07Fh,0A0h-0EFh,0110h-016Fh,0190h-01EFh -ASFR0=00h-01Fh \
  -ASFR1=080h-09Fh -ASFR2=0100h-010Fh -ASFR3=0180h-018Fh \
  -ACONFIG=02007h-02008h -DCONFIG=2 -AIDLOC=02000h-02003h -DIDLOC=2 \
  -AEEDATA=00h-0FFh/02100h -peeprom_data=EEDATA -DEEDATA=2 -DCODE=2 \
  -DSTRCODE=2 -DSTRING=2 -DCONST=2 -DENTRY=2 \
  -preset_vec=00h,intentry=04h,init,end_init -ppowerup=CODE -pcinit=CODE \
  -pfunctab=ENTRY -k C:\Users\BRYANO~1\AppData\Local\Temp\xcAscmo.o \
  dist/default/production\Proyecto1_PICcolor.X.production.o 

Object code version is 3.11

Machine type is 16F887



                Name                               Link     Load   Length Selector   Space Scale
C:\Users\BRYANO~1\AppData\Local\Temp\xcAscmo.o
                end_init                              C        C        3        8       0
                reset_vec                             0        0        3        0       0
                config                             2007     2007        2        0       4
                idloc                              2000     2000        4        0       5
dist/default/production\Proyecto1_PICcolor.X.production.o
                cinit                                 F        F       27        8       0
                intentry                              4        4        8        8       0
                config                             2007     2007        2        0       4
                idloc                              2000     2000        4        0       5
                text21                              6C2      6C2       45        8       0
                text20                              F96      F96        D     1F2C       0
                text19                              779      779       2E        8       0
                text18                              F71      F71        9     1EE2       0
                text17                              F7A      F7A        9     1EF4       0
                text16                              F83      F83        9     1F06       0
                text15                              F8C      F8C        A     1F18       0
                text14                              7F9      7F9        6      FA8       0
                text13                              FC6      FC6       1A     1F8C       0
                text12                              FA3      FA3        D     1F46       0
                text11                              FE0      FE0       20     1FC0       0
                text10                              FB0      FB0       16     1F60       0
                text9                               7D4      7D4       25      FA8       0
                text8                               4B2      4B2       69        8       0
                text7                               583      583       5B        8       0
                text6                               67C      67C       46        8       0
                text5                               707      707       3A        8       0
                text4                               51B      51B       68        8       0
                text3                               741      741       38        8       0
                text2                               62F      62F       4D        8       0
                text1                               5DE      5DE       51        8       0
                maintext                             36       36      47C        8       0
                cstackBANK0                          47       47       14       20       1
                cstackCOMMON                         70       70        A       70       1
                clrtext                             F69      F69        8     1ED2       0
                dataBANK0                            5B       5B        4       20       1
                bssBANK0                             20       20       27       20       1
                bssCOMMON                            7A       7A        2       70       1
                strings                             7A7      7A7       2D      F4E       0
                idataBANK0                          F65      F65        4     1ECA       0

TOTAL           Name                               Link     Load   Length     Space
        CLASS   CODE           
                end_init                              C        C        3         0
                cinit                                 F        F       27         0
                intentry                              4        4        8         0
                reset_vec                             0        0        3         0
                text21                              6C2      6C2       45         0
                text20                              F96      F96        D         0
                text19                              779      779       2E         0
                text18                              F71      F71        9         0
                text17                              F7A      F7A        9         0
                text16                              F83      F83        9         0
                text15                              F8C      F8C        A         0
                text14                              7F9      7F9        6         0
                text13                              FC6      FC6       1A         0
                text12                              FA3      FA3        D         0
                text11                              FE0      FE0       20         0
                text10                              FB0      FB0       16         0
                text9                               7D4      7D4       25         0
                text8                               4B2      4B2       69         0
                text7                               583      583       5B         0
                text6                               67C      67C       46         0
                text5                               707      707       3A         0
                text4                               51B      51B       68         0
                text3                               741      741       38         0
                text2                               62F      62F       4D         0
                text1                               5DE      5DE       51         0
                maintext                             36       36      47C         0
                clrtext                             F69      F69        8         0
                idataBANK0                          F65      F65        4         0

        CLASS   STRCODE        

        CLASS   STRING         
                strings                             7A7      7A7       2D         0

        CLASS   CONST          

        CLASS   ENTRY          

        CLASS   COMMON         
                cstackCOMMON                         70       70        A         1
                bssCOMMON                            7A       7A        2         1

        CLASS   BANK0          
                cstackBANK0                          47       47       14         1
                dataBANK0                            5B       5B        4         1
                bssBANK0                             20       20       27         1

        CLASS   BANK1          

        CLASS   BANK2          

        CLASS   BANK3          

        CLASS   RAM            

        CLASS   ABS1           
                abs_s1                               7E       7E        2         1

        CLASS   SFR0           

        CLASS   SFR1           

        CLASS   SFR2           

        CLASS   SFR3           

        CLASS   CONFIG         
                config                             2007     2007        2         4

        CLASS   IDLOC          
                idloc                              2000     2000        4         5

        CLASS   EEDATA         

        CLASS   STACK          



SEGMENTS        Name                           Load    Length   Top    Selector   Space  Class     Delta

                reset_vec                      000000  000003  000003         0       0  CODE        2
                intentry                       000004  0007A3  0007A7         8       0  CODE        2
                bssBANK0                       000020  00003F  00005F        20       1  BANK0       1
                cstackCOMMON                   000070  00000C  00007C        70       1  COMMON      1
                strings                        0007A7  00002D  0007D4       F4E       0  STRING      2
                text9                          0007D4  00002B  0007FF       FA8       0  CODE        2
                idataBANK0                     000F65  000004  000F69      1ECA       0  CODE        2
                clrtext                        000F69  000008  000F71      1ED2       0  CODE        2
                text18                         000F71  000009  000F7A      1EE2       0  CODE        2
                text17                         000F7A  000009  000F83      1EF4       0  CODE        2
                text16                         000F83  000009  000F8C      1F06       0  CODE        2
                text15                         000F8C  00000A  000F96      1F18       0  CODE        2
                text20                         000F96  00000D  000FA3      1F2C       0  CODE        2
                text12                         000FA3  00000D  000FB0      1F46       0  CODE        2
                text10                         000FB0  000016  000FC6      1F60       0  CODE        2
                text13                         000FC6  00001A  000FE0      1F8C       0  CODE        2
                text11                         000FE0  000020  001000      1FC0       0  CODE        2


UNUSED ADDRESS RANGES

        Name                Unused          Largest block    Delta
        BANK0            005F-006F             11           1
        BANK1            00A0-00EF             50           1
        BANK2            0110-016F             60           1
        BANK3            0190-01EF             60           1
        CODE             0003-0003              1           2
                         07FF-0F64              1
                         1000-1FFF            800
        COMMON           007C-007D              2           1
        CONST            0003-0003              1           2
                         07FF-0F64            100
                         1000-1FFF            100
        EEDATA           2100-21FF            100           2
        ENTRY            0003-0003              1           2
                         07FF-0F64            100
                         1000-1FFF            100
        RAM              005F-006F             11           1
                         00A0-00EF             50
                         0110-016F             60
                         0190-01EF             60
        SFR0             0000-001F             20           1
        SFR1             0080-009F             20           1
        SFR2             0100-010F             10           1
        SFR3             0180-018F             10           1
        STRCODE          0003-0003              1           2
                         07FF-0F64            766
                         1000-1FFF           1000
        STRING           0003-0003              1           2
                         07FF-0F64            100
                         1000-1FFF            100

                                  Symbol Table

?_I2C_Master_Read                 cstackCOMMON 0072
?___awdiv                         cstackCOMMON 0072
?___awmod                         cstackBANK0  004B
?___lldiv                         cstackCOMMON 0072
?___lwdiv                         cstackBANK0  0047
?___lwmod                         cstackCOMMON 0072
I2C_Master_Init@c                 cstackBANK0  004D
I2C_Master_Read@a                 cstackCOMMON 0072
I2C_Master_Read@temp              cstackCOMMON 0076
I2C_Master_Write@d                cstackCOMMON 0072
Lcd_Cmd@a                         cstackCOMMON 0075
Lcd_Port@a                        cstackCOMMON 0072
Lcd_Set_Cursor@a                  cstackCOMMON 0077
Lcd_Set_Cursor@b                  cstackCOMMON 0076
Lcd_Set_Cursor@temp               cstackCOMMON 0078
Lcd_Write_Char@a                  cstackCOMMON 0074
Lcd_Write_String@a                cstackCOMMON 0077
Lcd_Write_String@i                cstackCOMMON 0075
_ANSEL                            (abs)        0188
_ANSELH                           (abs)        0189
_BLUEH                            bssBANK0     0040
_BLUEL                            bssBANK0     0041
_CharB                            bssBANK0     0024
_CharG                            bssBANK0     0027
_CharR                            bssBANK0     002A
_GIE                              (abs)        005F
_GREENH                           bssBANK0     0042
_GREENL                           bssBANK0     0043
_I2C_Master_Init                  text3        0741
_I2C_Master_Read                  text19       0779
_I2C_Master_RepeatedStart         text18       0F71
_I2C_Master_Start                 text17       0F7A
_I2C_Master_Stop                  text16       0F83
_I2C_Master_Wait                  text20       0F96
_I2C_Master_Write                 text15       0F8C
_INTCONbits                       (abs)        000B
_IOCBbits                         (abs)        0096
_L                                bssBANK0     0039
_Lcd_Clear                        text12       0FA3
_Lcd_Cmd                          text13       0FC6
_Lcd_Init                         text2        062F
_Lcd_Port                         text14       07F9
_Lcd_Set_Cursor                   text11       0FE0
_Lcd_Write_Char                   text10       0FB0
_Lcd_Write_String                 text9        07D4
_OPTION_REGbits                   (abs)        0081
_OSCCONbits                       (abs)        008F
_PEIE                             (abs)        005E
_PORTA                            (abs)        0005
_PORTAbits                        (abs)        0005
_PORTB                            (abs)        0006
_PORTD                            (abs)        0008
_PORTEbits                        (abs)        0009
_RE2                              (abs)        004A
_REDH                             bssBANK0     0044
_REDL                             bssBANK0     0045
_S1_periodo                       dataBANK0    005D
_S2_periodo                       dataBANK0    005B
_S3_periodo                       bssBANK0     002F
_SSPADD                           (abs)        0093
_SSPBUF                           (abs)        0013
_SSPCON                           (abs)        0014
_SSPCON2                          (abs)        0091
_SSPCON2bits                      (abs)        0091
_SSPIE                            (abs)        0463
_SSPIF                            (abs)        0063
_SSPSTAT                          (abs)        0094
_T0IF                             (abs)        005A
_TMR0                             (abs)        0001
_TRISA                            (abs)        0085
_TRISB                            (abs)        0086
_TRISC                            (abs)        0087
_TRISC3                           (abs)        043B
_TRISC4                           (abs)        043C
_TRISCbits                        (abs)        0087
_TRISD                            (abs)        0088
_TRISE                            (abs)        0089
_WPUBbits                         (abs)        0095
__Habs1                           abs1         0000
__Hbank0                          bank0        0000
__Hbank1                          bank1        0000
__Hbank2                          bank2        0000
__Hbank3                          bank3        0000
__HbssBANK0                       bssBANK0     0000
__HbssCOMMON                      bssCOMMON    0000
__Hcinit                          cinit        0036
__Hclrtext                        clrtext      0000
__Hcode                           code         0000
__Hcommon                         common       0000
__Hconfig                         config       2009
__HcstackBANK0                    cstackBANK0  0000
__HcstackCOMMON                   cstackCOMMON 0000
__HdataBANK0                      dataBANK0    0000
__Heeprom_data                    eeprom_data  0000
__Hend_init                       end_init     000F
__Hfunctab                        functab      0000
__HidataBANK0                     idataBANK0   0000
__Hidloc                          idloc        2004
__Hinit                           init         000C
__Hintentry                       intentry     000C
__Hmaintext                       maintext     0000
__Hpowerup                        powerup      0000
__Hram                            ram          0000
__Hreset_vec                      reset_vec    0003
__Hsfr0                           sfr0         0000
__Hsfr1                           sfr1         0000
__Hsfr2                           sfr2         0000
__Hsfr3                           sfr3         0000
__Hspace_0                        (abs)        1000
__Hspace_1                        (abs)        007C
__Hspace_2                        (abs)        0000
__Hspace_3                        (abs)        0000
__Hspace_4                        (abs)        4010
__Hstack                          stack        0000
__Hstrings                        strings      0000
__Htext                           text         0000
__Labs1                           abs1         0000
__Lbank0                          bank0        0000
__Lbank1                          bank1        0000
__Lbank2                          bank2        0000
__Lbank3                          bank3        0000
__LbssBANK0                       bssBANK0     0000
__LbssCOMMON                      bssCOMMON    0000
__Lcinit                          cinit        000F
__Lclrtext                        clrtext      0000
__Lcode                           code         0000
__Lcommon                         common       0000
__Lconfig                         config       0000
__LcstackBANK0                    cstackBANK0  0000
__LcstackCOMMON                   cstackCOMMON 0000
__LdataBANK0                      dataBANK0    0000
__Leeprom_data                    eeprom_data  0000
__Lend_init                       end_init     000C
__Lfunctab                        functab      0000
__LidataBANK0                     idataBANK0   0000
__Lidloc                          idloc        0000
__Linit                           init         000C
__Lintentry                       intentry     0004
__Lmaintext                       maintext     0000
__Lpowerup                        powerup      0000
__Lram                            ram          0000
__Lreset_vec                      reset_vec    0000
__Lsfr0                           sfr0         0000
__Lsfr1                           sfr1         0000
__Lsfr2                           sfr2         0000
__Lsfr3                           sfr3         0000
__Lspace_0                        (abs)        0000
__Lspace_1                        (abs)        0000
__Lspace_2                        (abs)        0000
__Lspace_3                        (abs)        0000
__Lspace_4                        (abs)        0000
__Lstack                          stack        0000
__Lstrings                        strings      0000
__Ltext                           text         0000
__S0                              (abs)        1000
__S1                              (abs)        007C
__S3                              (abs)        0000
___awdiv                          text8        04B2
___awdiv@counter                  cstackBANK0  0047
___awdiv@dividend                 cstackCOMMON 0074
___awdiv@divisor                  cstackCOMMON 0072
___awdiv@quotient                 cstackBANK0  0049
___awdiv@sign                     cstackBANK0  0048
___awmod                          text7        0583
___awmod@counter                  cstackCOMMON 0078
___awmod@dividend                 cstackBANK0  004D
___awmod@divisor                  cstackBANK0  004B
___awmod@sign                     cstackCOMMON 0079
___int_sp                         stack        0000
___latbits                        (abs)        0002
___lldiv                          text4        051B
___lldiv@counter                  cstackBANK0  004C
___lldiv@dividend                 cstackCOMMON 0076
___lldiv@divisor                  cstackCOMMON 0072
___lldiv@quotient                 cstackBANK0  0048
___lwdiv                          text6        067C
___lwdiv@counter                  cstackBANK0  004B
___lwdiv@dividend                 cstackBANK0  0049
___lwdiv@divisor                  cstackBANK0  0047
___lwdiv@quotient                 cstackBANK0  004C
___lwmod                          text5        0707
___lwmod@counter                  cstackCOMMON 0077
___lwmod@dividend                 cstackCOMMON 0074
___lwmod@divisor                  cstackCOMMON 0072
___sp                             stack        0000
___stackhi                        (abs)        0000
___stacklo                        (abs)        0000
__end_of_I2C_Master_Init          text3        0779
__end_of_I2C_Master_Read          text19       07A7
__end_of_I2C_Master_RepeatedStart text18       0F7A
__end_of_I2C_Master_Start         text17       0F83
__end_of_I2C_Master_Stop          text16       0F8C
__end_of_I2C_Master_Wait          text20       0FA3
__end_of_I2C_Master_Write         text15       0F96
__end_of_Lcd_Clear                text12       0FB0
__end_of_Lcd_Cmd                  text13       0FE0
__end_of_Lcd_Init                 text2        067C
__end_of_Lcd_Port                 text14       07FF
__end_of_Lcd_Set_Cursor           text11       1000
__end_of_Lcd_Write_Char           text10       0FC6
__end_of_Lcd_Write_String         text9        07F9
__end_of___awdiv                  text8        051B
__end_of___awmod                  text7        05DE
__end_of___lldiv                  text4        0583
__end_of___lwdiv                  text6        06C2
__end_of___lwmod                  text5        0741
__end_of__initialization          cinit        0032
__end_of__stringtab               strings      07AD
__end_of_isr                      text21       0707
__end_of_main                     maintext     04B2
__end_of_setup                    text1        062F
__initialization                  cinit        000F
__pbssBANK0                       bssBANK0     0020
__pbssCOMMON                      bssCOMMON    007A
__pcstackBANK0                    cstackBANK0  0047
__pcstackCOMMON                   cstackCOMMON 0070
__pdataBANK0                      dataBANK0    005B
__pidataBANK0                     idataBANK0   0F65
__pintentry                       intentry     0004
__pmaintext                       maintext     0036
__pstrings                        strings      07A7
__ptext1                          text1        05DE
__ptext10                         text10       0FB0
__ptext11                         text11       0FE0
__ptext12                         text12       0FA3
__ptext13                         text13       0FC6
__ptext14                         text14       07F9
__ptext15                         text15       0F8C
__ptext16                         text16       0F83
__ptext17                         text17       0F7A
__ptext18                         text18       0F71
__ptext19                         text19       0779
__ptext2                          text2        062F
__ptext20                         text20       0F96
__ptext21                         text21       06C2
__ptext3                          text3        0741
__ptext4                          text4        051B
__ptext5                          text5        0707
__ptext6                          text6        067C
__ptext7                          text7        0583
__ptext8                          text8        04B2
__ptext9                          text9        07D4
__stringbase                      strings      07AC
__stringtab                       strings      07A7
_activadorS2                      bssBANK0     003B
_color                            bssBANK0     002D
_distance                         bssBANK0     003C
_isr                              text21       06C2
_k                                bssBANK0     003A
_main                             maintext     0036
_peso                             bssBANK0     0031
_setup                            text1        05DE
_tempChar                         bssBANK0     0020
_tmr0count                        bssCOMMON    007A
btemp                             (abs)        007E
clear_ram0                        clrtext      0F69
end_of_initialization             cinit        0032
interrupt_function                intentry     0004
intlevel0                         functab      0000
intlevel1                         functab      0000
intlevel2                         functab      0000
intlevel3                         functab      0000
intlevel4                         functab      0000
intlevel5                         functab      0000
main@charj                        cstackBANK0  0058
main@j                            cstackBANK0  0059
reset_vec                         reset_vec    0000
saved_w                           (abs)        007E
start                             init         000C
start_initialization              cinit        000F
wtemp0                            (abs)        007E


MODULE INFORMATION

Module		Function		Class		Link	Load	Size
C:/Users/Bryan Ortiz/Desktop/Digital2/Proyecto/Codigo/Proyecto1_PICcolor.X/LCD8B.c
		_Lcd_Write_String		CODE           	07D4	0000	37
		_Lcd_Init      		CODE           	062F	0000	77
		_Lcd_Write_Char		CODE           	0FB0	0000	22
		_Lcd_Cmd       		CODE           	0FC6	0000	26
		_Lcd_Set_Cursor		CODE           	0FE0	0000	32
		_Lcd_Clear     		CODE           	0FA3	0000	13
		_Lcd_Port      		CODE           	07F9	0000	6

C:/Users/Bryan Ortiz/Desktop/Digital2/Proyecto/Codigo/Proyecto1_PICcolor.X/LCD8B.c estimated size: 213

C:\Program Files\Microchip\xc8\v2.40\pic\sources\c90\common\awdiv.c
		___awdiv       		CODE           	04B2	0000	105

C:\Program Files\Microchip\xc8\v2.40\pic\sources\c90\common\awdiv.c estimated size: 105

C:/Users/Bryan Ortiz/Desktop/Digital2/Proyecto/Codigo/Proyecto1_PICcolor.X/PICcolor.c
		_main          		CODE           	0036	0000	1148
		_isr           		CODE           	06C2	0000	69
		_setup         		CODE           	05DE	0000	81

C:/Users/Bryan Ortiz/Desktop/Digital2/Proyecto/Codigo/Proyecto1_PICcolor.X/PICcolor.c estimated size: 1298

C:\Program Files\Microchip\xc8\v2.40\pic\sources\c90\common\__lldiv.c
		___lldiv       		CODE           	051B	0000	104

C:\Program Files\Microchip\xc8\v2.40\pic\sources\c90\common\__lldiv.c estimated size: 104

C:\Program Files\Microchip\xc8\v2.40\pic\sources\c90\common\lwmod.c
		___lwmod       		CODE           	0707	0000	58

C:\Program Files\Microchip\xc8\v2.40\pic\sources\c90\common\lwmod.c estimated size: 58

shared
		__stringtab    		STRING         	07A7	0000	6
		__initialization		CODE           	000F	0000	35

shared estimated size: 41

C:\Program Files\Microchip\xc8\v2.40\pic\sources\c90\common\awmod.c
		___awmod       		CODE           	0583	0000	91

C:\Program Files\Microchip\xc8\v2.40\pic\sources\c90\common\awmod.c estimated size: 91

C:/Users/Bryan Ortiz/Desktop/Digital2/Proyecto/Codigo/Proyecto1_PICcolor.X/I2C.c
		_I2C_Master_Read		CODE           	0779	0000	46
		_I2C_Master_Wait		CODE           	0F96	0000	13
		_I2C_Master_Init		CODE           	0741	0000	56
		_I2C_Master_Stop		CODE           	0F83	0000	9
		_I2C_Master_RepeatedStart		CODE           	0F71	0000	9
		_I2C_Master_Write		CODE           	0F8C	0000	10
		_I2C_Master_Start		CODE           	0F7A	0000	9

C:/Users/Bryan Ortiz/Desktop/Digital2/Proyecto/Codigo/Proyecto1_PICcolor.X/I2C.c estimated size: 152

C:\Program Files\Microchip\xc8\v2.40\pic\sources\c90\common\lwdiv.c
		___lwdiv       		CODE           	067C	0000	70

C:\Program Files\Microchip\xc8\v2.40\pic\sources\c90\common\lwdiv.c estimated size: 70

